12:45:34 **** Incremental Build of configuration Debug for project 7SegmentCalculator ****
make -j9 all 
arm-none-eabi-gcc "../Core/Src/stm32f3xx_it.c" -mcpu=cortex-m4 -std=gnu11 -g3 -DDEBUG -DUSE_HAL_DRIVER -DSTM32F303xC -c -I../Core/Inc -I../Drivers/STM32F3xx_HAL_Driver/Inc -I../Drivers/STM32F3xx_HAL_Driver/Inc/Legacy -I../Drivers/CMSIS/Device/ST/STM32F3xx/Include -I../Drivers/CMSIS/Include -O0 -ffunction-sections -fdata-sections -Wall -fstack-usage -MMD -MP -MF"Core/Src/stm32f3xx_it.d" -MT"Core/Src/stm32f3xx_it.o" --specs=nano.specs -mfpu=fpv4-sp-d16 -mfloat-abi=hard -mthumb -o "Core/Src/stm32f3xx_it.o"
arm-none-eabi-gcc -o "7SegmentCalculator.elf" @"objects.list"   -mcpu=cortex-m4 -T"/Users/kiarashvosough/Desktop/University/CubeWorkspace/7SegmentCalculator/STM32F303VCTX_FLASH.ld" --specs=nosys.specs -Wl,-Map="7SegmentCalculator.map" -Wl,--gc-sections -static --specs=nano.specs -mfpu=fpv4-sp-d16 -mfloat-abi=hard -mthumb -Wl,--start-group -lc -lm -Wl,--end-group
Finished building target: 7SegmentCalculator.elf
 
arm-none-eabi-size   7SegmentCalculator.elf 
arm-none-eabi-objdump -h -S  7SegmentCalculator.elf  > "7SegmentCalculator.list"
   text	   data	    bss	    dec	    hex	filename
  12264	     24	   2496	  14784	   39c0	7SegmentCalculator.elf
Finished building: default.size.stdout
 
Finished building: 7SegmentCalculator.list
 

12:45:35 Build Finished. 0 errors, 0 warnings. (took 590ms)

