19:51:20 **** Incremental Build of configuration Debug for project SelfCoded ****
make -j9 all 
arm-none-eabi-gcc "../Core/Src/main.c" -mcpu=cortex-m4 -std=gnu11 -g3 -DDEBUG -DUSE_HAL_DRIVER -DSTM32F303xC -c -I../Core/Inc -I../Drivers/STM32F3xx_HAL_Driver/Inc/Legacy -I../Drivers/STM32F3xx_HAL_Driver/Inc -I../Drivers/CMSIS/Device/ST/STM32F3xx/Include -I../Drivers/CMSIS/Include -O0 -ffunction-sections -fdata-sections -Wall -fstack-usage -MMD -MP -MF"Core/Src/main.d" -MT"Core/Src/main.o" --specs=nano.specs -mfpu=fpv4-sp-d16 -mfloat-abi=hard -mthumb -o "Core/Src/main.o"
../Core/Src/main.c: In function 'main':
../Core/Src/main.c:168:3: warning: implicit declaration of function 'SystemClock_Config'; did you mean 'SysTick_Config'? [-Wimplicit-function-declaration]
  168 |   SystemClock_Config();
      |   ^~~~~~~~~~~~~~~~~~
      |   SysTick_Config
../Core/Src/main.c: At top level:
../Core/Src/main.c:317:6: warning: conflicting types for 'SystemClock_Config'
  317 | void SystemClock_Config(void)
      |      ^~~~~~~~~~~~~~~~~~
../Core/Src/main.c:168:3: note: previous implicit declaration of 'SystemClock_Config' was here
  168 |   SystemClock_Config();
      |   ^~~~~~~~~~~~~~~~~~
arm-none-eabi-gcc -o "SelfCoded.elf" @"objects.list"   -mcpu=cortex-m4 -T"/Users/kiarashvosough/Desktop/University/CubeWorkspace/SelfCoded/STM32F303VCTX_FLASH.ld" --specs=nosys.specs -Wl,-Map="SelfCoded.map" -Wl,--gc-sections -static --specs=nano.specs -mfpu=fpv4-sp-d16 -mfloat-abi=hard -mthumb -Wl,--start-group -lc -lm -Wl,--end-group
Finished building target: SelfCoded.elf
 
arm-none-eabi-size   SelfCoded.elf 
arm-none-eabi-objdump -h -S  SelfCoded.elf  > "SelfCoded.list"
   text	   data	    bss	    dec	    hex	filename
   9976	    180	   1572	  11728	   2dd0	SelfCoded.elf
Finished building: default.size.stdout
 
Finished building: SelfCoded.list
 

19:51:20 Build Finished. 0 errors, 2 warnings. (took 590ms)

